// Jest Snapshot v1, https://goo.gl/fbAQLP

exports[`Onboarding Renders correctly 1`] = `
<RNCSafeAreaView
  style={
    Object {
      "alignItems": "center",
      "flex": 1,
    }
  }
>
  <Text
    style={
      Object {
        "color": "#fff",
        "fontSize": 32,
        "fontWeight": "bold",
      }
    }
  >
    cake
  </Text>
  <RCTScrollView
    data={Array []}
    getItem={[Function]}
    getItemCount={[Function]}
    horizontal={true}
    keyExtractor={[Function]}
    onContentSizeChange={[Function]}
    onLayout={[Function]}
    onMomentumScrollBegin={[Function]}
    onMomentumScrollEnd={[Function]}
    onScroll={[Function]}
    onScrollBeginDrag={[Function]}
    onScrollEndDrag={[Function]}
    onViewableItemsChanged={[Function]}
    pagingEnabled={true}
    removeClippedSubviews={false}
    renderItem={[Function]}
    scrollEventThrottle={16}
    showsHorizontalScrollIndicator={false}
    stickyHeaderIndices={Array []}
    style={
      Array [
        Object {
          "width": 750,
        },
      ]
    }
    viewabilityConfig={
      Object {
        "viewAreaCoveragePercentThreshold": 60,
      }
    }
    viewabilityConfigCallbackPairs={
      Array [
        Object {
          "onViewableItemsChanged": [Function],
          "viewabilityConfig": Object {
            "viewAreaCoveragePercentThreshold": 60,
          },
        },
      ]
    }
  >
    <View />
  </RCTScrollView>
  <View
    style={
      Object {
        "alignItems": "center",
        "flex": 1,
        "flexDirection": "row",
        "paddingBottom": 16,
      }
    }
  >
    <View
      accessible={true}
      collapsable={false}
      focusable={true}
      nativeID="animatedComponent"
      onClick={[Function]}
      onResponderGrant={[Function]}
      onResponderMove={[Function]}
      onResponderRelease={[Function]}
      onResponderTerminate={[Function]}
      onResponderTerminationRequest={[Function]}
      onStartShouldSetResponder={[Function]}
      style={
        Object {
          "opacity": 1,
        }
      }
    >
      <
        fill="#35823f"
        height={24}
        width={48}
      />
    </View>
    <View
      style={
        Array [
          Object {
            "alignSelf": "center",
            "bottom": 20,
            "flexDirection": "row",
            "position": "absolute",
          },
          Object {
            "position": "relative",
            "top": 0,
          },
        ]
      }
    />
    <View
      accessible={true}
      collapsable={false}
      focusable={true}
      nativeID="animatedComponent"
      onClick={[Function]}
      onResponderGrant={[Function]}
      onResponderMove={[Function]}
      onResponderRelease={[Function]}
      onResponderTerminate={[Function]}
      onResponderTerminationRequest={[Function]}
      onStartShouldSetResponder={[Function]}
      style={
        Object {
          "opacity": 1,
        }
      }
    >
      <
        fill="#35823f"
        height={24}
        style={
          Object {
            "transform": Array [
              Object {
                "rotate": "180deg",
              },
            ],
          }
        }
        width={48}
      />
    </View>
  </View>
  <View
    style={
      Object {
        "alignItems": "center",
        "marginBottom": 32,
        "marginTop": 16,
      }
    }
  >
    <View
      accessible={true}
      focusable={true}
      onClick={[Function]}
      onResponderGrant={[Function]}
      onResponderMove={[Function]}
      onResponderRelease={[Function]}
      onResponderTerminate={[Function]}
      onResponderTerminationRequest={[Function]}
      onStartShouldSetResponder={[Function]}
      style={
        Object {
          "backgroundColor": "#35823f",
          "borderRadius": 4,
          "padding": 16,
        }
      }
    >
      <Text
        style={
          Object {
            "color": "#fff",
            "fontSize": 18,
          }
        }
      >
        Get Started!
      </Text>
    </View>
  </View>
</RNCSafeAreaView>
`;
