// Jest Snapshot v1, https://goo.gl/fbAQLP

exports[`Onboarding Renders correctly 1`] = `
<RNCSafeAreaView
  style={
    Object {
      "alignItems": "center",
      "flex": 1,
    }
  }
>
  <Text
    style={
      Object {
        "color": "#fff",
        "fontSize": 32,
        "fontWeight": "bold",
      }
    }
    testID="titleText"
  >
    My Wallet
  </Text>
  <RCTScrollView
    data={
      Array [
        Object {
          "image": [MockFunction] {
            "calls": Array [
              Array [
                Object {
                  "fill": "#fff",
                  "height": 180,
                  "width": 180,
                },
              ],
            ],
            "results": Array [
              Object {
                "type": "return",
                "value": undefined,
              },
            ],
          },
          "text": "Lorem 1 ipsum dolor sit amet, consectetur adipiscing elit.",
        },
        Object {
          "image": [MockFunction] {
            "calls": Array [
              Array [
                Object {
                  "fill": "#fff",
                  "height": 180,
                  "width": 180,
                },
              ],
            ],
            "results": Array [
              Object {
                "type": "return",
                "value": undefined,
              },
            ],
          },
          "text": "Lorem 2 ipsum dolor sit amet, consectetur adipiscing elit.",
        },
      ]
    }
    getItem={[Function]}
    getItemCount={[Function]}
    horizontal={true}
    keyExtractor={[Function]}
    onContentSizeChange={[Function]}
    onLayout={[Function]}
    onMomentumScrollBegin={[Function]}
    onMomentumScrollEnd={[Function]}
    onScroll={[Function]}
    onScrollBeginDrag={[Function]}
    onScrollEndDrag={[Function]}
    onViewableItemsChanged={[Function]}
    pagingEnabled={true}
    removeClippedSubviews={false}
    renderItem={[Function]}
    scrollEventThrottle={16}
    showsHorizontalScrollIndicator={false}
    stickyHeaderIndices={Array []}
    style={
      Array [
        Object {
          "width": 750,
        },
      ]
    }
    viewabilityConfig={
      Object {
        "viewAreaCoveragePercentThreshold": 60,
      }
    }
    viewabilityConfigCallbackPairs={
      Array [
        Object {
          "onViewableItemsChanged": [Function],
          "viewabilityConfig": Object {
            "viewAreaCoveragePercentThreshold": 60,
          },
        },
      ]
    }
  >
    <View>
      <View
        onLayout={[Function]}
        style={
          Array [
            Object {
              "flexDirection": "row",
            },
            null,
          ]
        }
      >
        <View
          style={
            Array [
              Object {
                "width": 750,
              },
              Object {
                "alignItems": "center",
              },
            ]
          }
        >
          <Text
            style={
              Object {
                "color": "#fff",
                "fontSize": 32,
                "fontWeight": "normal",
                "margin": 16,
                "textAlign": "center",
              }
            }
            testID="bodyText"
          >
            Lorem 1 ipsum dolor sit amet, consectetur adipiscing elit.
          </Text>
        </View>
      </View>
      <View
        onLayout={[Function]}
        style={
          Array [
            Object {
              "flexDirection": "row",
            },
            null,
          ]
        }
      >
        <View
          style={
            Array [
              Object {
                "width": 750,
              },
              Object {
                "alignItems": "center",
              },
            ]
          }
        >
          <Text
            style={
              Object {
                "color": "#fff",
                "fontSize": 32,
                "fontWeight": "normal",
                "margin": 16,
                "textAlign": "center",
              }
            }
            testID="bodyText"
          >
            Lorem 2 ipsum dolor sit amet, consectetur adipiscing elit.
          </Text>
        </View>
      </View>
    </View>
  </RCTScrollView>
  <View
    style={
      Object {
        "alignItems": "center",
        "flex": 1,
        "flexDirection": "row",
        "paddingBottom": 16,
      }
    }
  >
    <View
      accessibilityLabel="Previous"
      accessible={true}
      collapsable={false}
      focusable={true}
      nativeID="animatedComponent"
      onClick={[Function]}
      onResponderGrant={[Function]}
      onResponderMove={[Function]}
      onResponderRelease={[Function]}
      onResponderTerminate={[Function]}
      onResponderTerminationRequest={[Function]}
      onStartShouldSetResponder={[Function]}
      style={
        Object {
          "opacity": 1,
        }
      }
      testID="previousButton"
    >
      <
        fill="#35823f"
        height={24}
        width={48}
      />
    </View>
    <View
      style={
        Array [
          Object {
            "alignSelf": "center",
            "bottom": 20,
            "flexDirection": "row",
            "position": "absolute",
          },
          Object {
            "position": "relative",
            "top": 0,
          },
        ]
      }
    >
      <View
        collapsable={false}
        nativeID="animatedComponent"
        style={
          Object {
            "backgroundColor": "rgba(53, 130, 63, 1)",
            "borderColor": "#35823f",
            "borderRadius": 5,
            "borderStyle": "solid",
            "borderWidth": 1,
            "height": 10,
            "marginHorizontal": 5,
            "opacity": 1,
            "transform": Array [
              Object {
                "scale": 1,
              },
            ],
            "width": 10,
          }
        }
      />
      <View
        collapsable={false}
        nativeID="animatedComponent"
        style={
          Object {
            "backgroundColor": "rgba(255, 255, 255, 0)",
            "borderColor": "#35823f",
            "borderRadius": 5,
            "borderStyle": "solid",
            "borderWidth": 1,
            "height": 10,
            "marginHorizontal": 5,
            "opacity": 1,
            "transform": Array [
              Object {
                "scale": 1,
              },
            ],
            "width": 10,
          }
        }
      />
    </View>
    <View
      accessibilityLabel="Next"
      accessible={true}
      collapsable={false}
      focusable={true}
      nativeID="animatedComponent"
      onClick={[Function]}
      onResponderGrant={[Function]}
      onResponderMove={[Function]}
      onResponderRelease={[Function]}
      onResponderTerminate={[Function]}
      onResponderTerminationRequest={[Function]}
      onStartShouldSetResponder={[Function]}
      style={
        Object {
          "opacity": 1,
        }
      }
      testID="nextButton"
    >
      <
        fill="#35823f"
        height={24}
        style={
          Object {
            "transform": Array [
              Object {
                "rotate": "180deg",
              },
            ],
          }
        }
        width={48}
      />
    </View>
  </View>
  <View
    style={
      Object {
        "alignItems": "center",
        "marginBottom": 32,
        "marginTop": 16,
      }
    }
  >
    <View
      accessible={true}
      focusable={true}
      onClick={[Function]}
      onResponderGrant={[Function]}
      onResponderMove={[Function]}
      onResponderRelease={[Function]}
      onResponderTerminate={[Function]}
      onResponderTerminationRequest={[Function]}
      onStartShouldSetResponder={[Function]}
      style={
        Object {
          "backgroundColor": "#35823f",
          "borderRadius": 4,
          "padding": 16,
        }
      }
      testID="dismissButton"
    >
      <Text
        style={
          Object {
            "color": "#fff",
            "fontSize": 18,
          }
        }
      />
    </View>
  </View>
</RNCSafeAreaView>
`;
